I'm sorry, but errors were detected in your script. Please correct the
errors listed below, and try again.


File "game/script.rpy", line 2: Unexpected indentation at start of file.

Ren'Py Version: Ren'Py 8.0.3.22090602
Thu Sep  8 20:44:08 2022
